// Jest Snapshot v1, https://goo.gl/fbAQLP

exports[`<LaunchesProvider /> tests should render and match the snapshot 1`] = `
<body>
  <div>
    <div
      class="StyledContainer-sc-1g4wsls-0 cIWXBb"
    >
      <h1
        style="text-align: center;"
      >
        Welcome to SpaceX API
      </h1>
    </div>
  </div>
</body>
`;
