// Jest Snapshot v1, https://goo.gl/fbAQLP

exports[`<ErrorHandler /> should render and match the snapshot 1`] = `
<body>
  <div>
    <div
      class="ant-card ant-card-bordered ErrorHandler__CustomCard-lh5a37-0 hiZHRW"
      data-testid="error-card"
    >
      <div
        class="ant-card-body"
      >
        <p
          class="T__StyledText-gcrjip-0 fIysFh"
          data-testid="error-message"
        >
          something_went_wrong
        </p>
      </div>
    </div>
  </div>
</body>
`;
