// Jest Snapshot v1, https://goo.gl/fbAQLP

exports[`<Clickable /> component tests should render and match the snapshot 1`] = `
<body>
  <div>
    <div
      class="Clickable__StyledClickable-p3uplw-0 bmkSJs"
      data-testid="clickable"
    >
      <p
        class="T__StyledText-gcrjip-0 fIysFh"
        data-testid="t"
      >
        Repository List
      </p>
    </div>
  </div>
</body>
`;
